// Jest Snapshot v1, https://goo.gl/fbAQLP

exports[`tasks forgot-password should work 1`] = `
{
  "ok": true,
}
`;
