// Jest Snapshot v1, https://goo.gl/fbAQLP

exports[`models user should create and login 1`] = `
{
  "name": "Eddie Van Halen",
  "username": "evh@example.com",
}
`;
